// Jest Snapshot v1, https://goo.gl/fbAQLP

exports[`Moods container matches a snapshot 1`] = `
<Fragment>
  <Controls
    actions={
      Array [
        Object {
          "name": "COFFEE",
          "stateName": "coffees",
          "text": "Drink Coffee",
        },
        Object {
          "name": "EAT",
          "stateName": "snacks",
          "text": "Snack",
        },
        Object {
          "name": "SLEEP",
          "stateName": "naps",
          "text": "Nap",
        },
        Object {
          "name": "STUDY",
          "stateName": "studies",
          "text": "Study",
        },
      ]
    }
    handleSelection={[Function]}
  />
  <Face
    emoji="ðŸ˜   >:-( "
  />
</Fragment>
`;
